[INFO] Scanning for projects...
[INFO] ------------------------------------------------------------------------
[INFO] Reactor Build Order:
[INFO] 
[INFO] bitcoin-node                                                       [pom]
[INFO] common                                                             [jar]
[INFO] crypto                                                             [jar]
[INFO] protocol                                                           [jar]
[INFO] storage                                                            [jar]
[INFO] 
[INFO] -----------------------< ru.bitcoin.mining:node >-----------------------
[INFO] Building bitcoin-node 0.0.1-SNAPSHOT                               [1/5]
[INFO]   from pom.xml
[INFO] --------------------------------[ pom ]---------------------------------
[INFO] 
[INFO] --- toolchains:3.2.0:toolchain (default) @ node ---
[INFO] Required toolchain: jdk [ version='21' ]
[INFO] Found matching toolchain for type jdk: JDK[C:\Program Files\Java\jdk-21]
[INFO] 
[INFO] ----------------------< ru.bitcoin.mining:common >----------------------
[INFO] Building common 0.0.1-SNAPSHOT                                     [2/5]
[INFO]   from common\pom.xml
[INFO] --------------------------------[ jar ]---------------------------------
[INFO] 
[INFO] --- toolchains:3.2.0:toolchain (default) @ common ---
[INFO] Required toolchain: jdk [ version='21' ]
[INFO] Found matching toolchain for type jdk: JDK[C:\Program Files\Java\jdk-21]
[INFO] 
[INFO] --- resources:3.4.0:resources (default-resources) @ common ---
[INFO] Copying 1 resource from src\main\resources to target\classes
[INFO] 
[INFO] --- compiler:3.15.0:compile (default-compile) @ common ---
[INFO] Toolchain in maven-compiler-plugin: JDK[C:\Program Files\Java\jdk-21]
[INFO] Nothing to compile - all classes are up to date.
[INFO] 
[INFO] --- resources:3.4.0:testResources (default-testResources) @ common ---
[INFO] skip non existing resourceDirectory C:\Users\Vasiliy\IdeaProjects\bitcoin-node\common\src\test\resources
[INFO] 
[INFO] --- compiler:3.15.0:testCompile (default-testCompile) @ common ---
[INFO] Toolchain in maven-compiler-plugin: JDK[C:\Program Files\Java\jdk-21]
[INFO] Nothing to compile - all classes are up to date.
[INFO] 
[INFO] --- surefire:3.5.4:test (default-test) @ common ---
[INFO] Toolchain in maven-surefire-plugin: JDK[C:\Program Files\Java\jdk-21]
[INFO] 
[INFO] ----------------------< ru.bitcoin.mining:crypto >----------------------
[INFO] Building crypto 0.0.1-SNAPSHOT                                     [3/5]
[INFO]   from crypto\pom.xml
[INFO] --------------------------------[ jar ]---------------------------------
[INFO] 
[INFO] --- toolchains:3.2.0:toolchain (default) @ crypto ---
[INFO] Required toolchain: jdk [ version='21' ]
[INFO] Found matching toolchain for type jdk: JDK[C:\Program Files\Java\jdk-21]
[INFO] 
[INFO] --- resources:3.4.0:resources (default-resources) @ crypto ---
[INFO] Copying 1 resource from src\main\resources to target\classes
[INFO] 
[INFO] --- compiler:3.15.0:compile (default-compile) @ crypto ---
[INFO] Toolchain in maven-compiler-plugin: JDK[C:\Program Files\Java\jdk-21]
[INFO] Nothing to compile - all classes are up to date.
[INFO] 
[INFO] --- resources:3.4.0:testResources (default-testResources) @ crypto ---
[INFO] Copying 2 resources from src\test\resources to target\test-classes
[INFO] 
[INFO] --- compiler:3.15.0:testCompile (default-testCompile) @ crypto ---
[INFO] Toolchain in maven-compiler-plugin: JDK[C:\Program Files\Java\jdk-21]
[INFO] Nothing to compile - all classes are up to date.
[INFO] 
[INFO] --- surefire:3.5.4:test (default-test) @ crypto ---
[INFO] Toolchain in maven-surefire-plugin: JDK[C:\Program Files\Java\jdk-21]
[INFO] 
[INFO] ---------------------< ru.bitcoin.mining:protocol >---------------------
[INFO] Building protocol 0.0.1-SNAPSHOT                                   [4/5]
[INFO]   from protocol\pom.xml
[INFO] --------------------------------[ jar ]---------------------------------
[INFO] 
[INFO] --- toolchains:3.2.0:toolchain (default) @ protocol ---
[INFO] Required toolchain: jdk [ version='21' ]
[INFO] Found matching toolchain for type jdk: JDK[C:\Program Files\Java\jdk-21]
[INFO] 
[INFO] --- resources:3.4.0:resources (default-resources) @ protocol ---
[INFO] Copying 1 resource from src\main\resources to target\classes
[INFO] 
[INFO] --- compiler:3.15.0:compile (default-compile) @ protocol ---
[INFO] Toolchain in maven-compiler-plugin: JDK[C:\Program Files\Java\jdk-21]
[INFO] Nothing to compile - all classes are up to date.
[INFO] 
[INFO] --- resources:3.4.0:testResources (default-testResources) @ protocol ---
[INFO] skip non existing resourceDirectory C:\Users\Vasiliy\IdeaProjects\bitcoin-node\protocol\src\test\resources
[INFO] 
[INFO] --- compiler:3.15.0:testCompile (default-testCompile) @ protocol ---
[INFO] Toolchain in maven-compiler-plugin: JDK[C:\Program Files\Java\jdk-21]
[INFO] Nothing to compile - all classes are up to date.
[INFO] 
[INFO] --- surefire:3.5.4:test (default-test) @ protocol ---
[INFO] Toolchain in maven-surefire-plugin: JDK[C:\Program Files\Java\jdk-21]
[INFO] 
[INFO] ---------------------< ru.bitcoin.mining:storage >----------------------
[INFO] Building storage 0.0.1-SNAPSHOT                                    [5/5]
[INFO]   from storage\pom.xml
[INFO] --------------------------------[ jar ]---------------------------------
[INFO] 
[INFO] --- toolchains:3.2.0:toolchain (default) @ storage ---
[INFO] Required toolchain: jdk [ version='21' ]
[INFO] Found matching toolchain for type jdk: JDK[C:\Program Files\Java\jdk-21]
[INFO] 
[INFO] --- resources:3.4.0:resources (default-resources) @ storage ---
[INFO] Copying 1 resource from src\main\resources to target\classes
[INFO] 
[INFO] --- compiler:3.15.0:compile (default-compile) @ storage ---
[INFO] Toolchain in maven-compiler-plugin: JDK[C:\Program Files\Java\jdk-21]
[INFO] Recompiling the module because of changed source code.
[INFO] Compiling 59 source files with javac [forked debug release 21] to target\classes
[INFO] 
[INFO] --- resources:3.4.0:testResources (default-testResources) @ storage ---
[INFO] skip non existing resourceDirectory C:\Users\Vasiliy\IdeaProjects\bitcoin-node\storage\src\test\resources
[INFO] 
[INFO] --- compiler:3.15.0:testCompile (default-testCompile) @ storage ---
[INFO] Toolchain in maven-compiler-plugin: JDK[C:\Program Files\Java\jdk-21]
[INFO] Recompiling the module because of changed dependency.
[INFO] Compiling 44 source files with javac [forked debug release 21] to target\test-classes
[INFO] 
[INFO] --- surefire:3.5.4:test (default-test) @ storage ---
[INFO] Toolchain in maven-surefire-plugin: JDK[C:\Program Files\Java\jdk-21]
[INFO] Using auto detected provider org.apache.maven.surefire.junitplatform.JUnitPlatformProvider
[INFO] 
[INFO] -------------------------------------------------------
[INFO]  T E S T S
[INFO] -------------------------------------------------------
[INFO] Running ru.bitcoin.node.storage.rocksdb.RocksDbWriteBatchTest
[INFO] Tests run: 8, Failures: 0, Errors: 0, Skipped: 0, Time elapsed: 0.334 s -- in ru.bitcoin.node.storage.rocksdb.RocksDbWriteBatchTest
[INFO] Running ru.bitcoin.node.storage.utxo.RocksDbUtxoStoreTest
[INFO] Tests run: 12, Failures: 0, Errors: 0, Skipped: 0, Time elapsed: 0.416 s -- in ru.bitcoin.node.storage.utxo.RocksDbUtxoStoreTest
[INFO] 
[INFO] Results:
[INFO] 
[INFO] Tests run: 20, Failures: 0, Errors: 0, Skipped: 0
[INFO] 
[INFO] ------------------------------------------------------------------------
[INFO] Reactor Summary for bitcoin-node 0.0.1-SNAPSHOT:
[INFO] 
[INFO] bitcoin-node ....................................... SUCCESS [  0.110 s]
[INFO] common ............................................. SUCCESS [  0.365 s]
[INFO] crypto ............................................. SUCCESS [  0.045 s]
[INFO] protocol ........................................... SUCCESS [  0.037 s]
[INFO] storage ............................................ SUCCESS [  5.778 s]
[INFO] ------------------------------------------------------------------------
[INFO] BUILD SUCCESS
[INFO] ------------------------------------------------------------------------
[INFO] Total time:  6.564 s
[INFO] Finished at: 2026-09-30T23:29:58+07:00
[INFO] ------------------------------------------------------------------------
